// Jest Snapshot v1, https://goo.gl/fbAQLP

exports[`expect it to render Card 1`] = `ShallowWrapper {}`;
